2011-02-25 17:34:35

sync kernel and merge from master:
26ca4de Added input-device emulation layer to c2_ir driver

commit 02e171a6f6b86183825fec4b977a426275c149f9
Merge: 7003a9d 26ca4de
Author: C2.Build.Server <build@s196>
Date:   Fri Feb 25 17:28:30 2011 +0800

    Merge branch 'master' into devel

git log drivers/char/Kconfig
commit 02e171a6f6b86183825fec4b977a426275c149f9
Merge: 7003a9d 26ca4de
Author: C2.Build.Server <build@s196>
Date:   Fri Feb 25 17:28:30 2011 +0800

    Merge branch 'master' into devel

commit 26ca4de1105b6e00529ce74d079911c127b0d6b0
Author: Nikita Shulga <nikita_shulga@mentor.com>
Date:   Fri Feb 25 16:18:47 2011 +0900

    Added input-device emulation layer to c2_ir driver
    
    Change-Id: I91e841e86b2a8e0b11f605d3b1944872c2ebdc7e



hguo@git:/tmp/hguo/kernel-110225$ git push origin devel
Counting objects: 16, done.
Delta compression using up to 2 threads.
Compressing objects: 100% (6/6), done.
Writing objects: 100% (6/6), 620 bytes, done.
Total 6 (delta 5), reused 0 (delta 0)
Unpacking objects: 100% (6/6), done.
To /mentor-mirror/build/kernel.git
   7003a9d..02e171a  devel -> devel

2011-02-24 10:09:17
kernel.git git rebase, using devel's code
arch/c2/include/asm/jazz2fb.h 
arch/c2/include/asm/jazz2osd.h 
drivers/video/c2/jazz2fb.c 
drivers/video/c2/jazz2init.c 
drivers/video/c2/jazz2osd.c 
drivers/video/c2/jazz2init.c  
drivers/video/c2/jazz2osd.c


2011-02-23 13:54:42

kernel module rebase result: next 5 file have conflict, 
#	both modified:      arch/c2/include/asm/jazz2fb.h
#	both modified:      arch/c2/include/asm/jazz2osd.h
#	both modified:      drivers/video/c2/jazz2fb.c
#	both modified:      drivers/video/c2/jazz2init.c
#	both modified:      drivers/video/c2/jazz2osd.c

Jack's suggestion is let Peter sync from branch 'devel' to mentor.

2011-02-23 12:01:56
Merge kernel code conflict from branch 'master' to 'devel'

step 1. repo sync your code
        goes to your android repo folder and do 
            repo sync
step 2. checkout kernel branches
        goes to kernel folder
            git checkout master       : ckeckout master for check
            git checkout devel        : switch back to c2's devel branch
step 3. Get the conflict
            git log --oneline --exit-code master --not devel
        result:
            0906496 Update C2 video driver
        check the changes:
            git log 0906496
step 4. Do rebase
        git checkout devel            :switch back to c2's devel branch if need
        git rebase master

        Here is the reslut that cause the conflict:
            First, rewinding head to replay your work on top of it...
            Applying: Jack Sun's update to .32 video drivers, merged in from current state of .23 tree
            Using index info to reconstruct a base tree...
            <stdin>:458: trailing whitespace.
            #define C2_PFMT_MODE_444_8BIT		0x0	
            <stdin>:522: trailing whitespace.
            #define C2_DISP_CSC_SD2HD_MASK	0x00000001 // setup for SD2HD color space converter 
            <stdin>:523: trailing whitespace.
            #define C2_DISP_CSC_HD2SD_MASK	0x00000002 // setup for HD2SD color space converter 
            <stdin>:526: trailing whitespace.
            #define C2_DISP_CSC_SD2RGB_MASK	0x00000008 // setup for SD2RGB color space converter 
            <stdin>:528: trailing whitespace.
            #define C2_VDMA_FIFO_SIZE_MASK	0x000000E0 // 
            warning: squelched 5 whitespace errors
            warning: 10 lines add whitespace errors.
            Falling back to patching base and 3-way merge...
            Auto-merging arch/c2/include/asm/jazz2fb.h
            CONFLICT (content): Merge conflict in arch/c2/include/asm/jazz2fb.h
            Auto-merging arch/c2/include/asm/jazz2osd.h
            CONFLICT (content): Merge conflict in arch/c2/include/asm/jazz2osd.h
            Auto-merging drivers/video/c2/jazz2fb.c
            CONFLICT (content): Merge conflict in drivers/video/c2/jazz2fb.c
            Auto-merging drivers/video/c2/jazz2init.c
            CONFLICT (content): Merge conflict in drivers/video/c2/jazz2init.c
            Auto-merging drivers/video/c2/jazz2osd.c
            CONFLICT (content): Merge conflict in drivers/video/c2/jazz2osd.c
            Failed to merge in the changes.
            Patch failed at 0001 Jack Sun's update to .32 video drivers, merged in from current state of .23 tree
            
            When you have resolved this problem run "git rebase --continue".
            If you would prefer to skip this patch, instead run "git rebase --skip".
            To restore the original branch and stop rebasing run "git rebase --abort".
step 5. Merge by hand
        after merge and do git rebase --continue

step 6. pull before push back
            git pull
step 7. push back to repo
            git master            : see the master's name
            git push origin devel

step 7. Send email report this rebase.



        Thanks,
        Herman





2011-02-23 11:18:19a
 git checkout devel
 git show-ref
 git branch
 git rebase master
First, rewinding head to replay your work on top of it...
Applying: Jack Sun's update to .32 video drivers, merged in from current state of .23 tree
Using index info to reconstruct a base tree...
<stdin>:458: trailing whitespace.
#define C2_PFMT_MODE_444_8BIT		0x0	
<stdin>:522: trailing whitespace.
#define C2_DISP_CSC_SD2HD_MASK	0x00000001 // setup for SD2HD color space converter 
<stdin>:523: trailing whitespace.
#define C2_DISP_CSC_HD2SD_MASK	0x00000002 // setup for HD2SD color space converter 
<stdin>:526: trailing whitespace.
#define C2_DISP_CSC_SD2RGB_MASK	0x00000008 // setup for SD2RGB color space converter 
<stdin>:528: trailing whitespace.
#define C2_VDMA_FIFO_SIZE_MASK	0x000000E0 // 
warning: squelched 5 whitespace errors
warning: 10 lines add whitespace errors.
Falling back to patching base and 3-way merge...
Auto-merging arch/c2/include/asm/jazz2fb.h
CONFLICT (content): Merge conflict in arch/c2/include/asm/jazz2fb.h
Auto-merging arch/c2/include/asm/jazz2osd.h
CONFLICT (content): Merge conflict in arch/c2/include/asm/jazz2osd.h
Auto-merging drivers/video/c2/jazz2fb.c
CONFLICT (content): Merge conflict in drivers/video/c2/jazz2fb.c
Auto-merging drivers/video/c2/jazz2init.c
CONFLICT (content): Merge conflict in drivers/video/c2/jazz2init.c
Auto-merging drivers/video/c2/jazz2osd.c
CONFLICT (content): Merge conflict in drivers/video/c2/jazz2osd.c
Failed to merge in the changes.
Patch failed at 0001 Jack Sun's update to .32 video drivers, merged in from current state of .23 tree

When you have resolved this problem run "git rebase --continue".
If you would prefer to skip this patch, instead run "git rebase --skip".
To restore the original branch and stop rebasing run "git rebase --abort".

2011-02-23 10:46:14
kernel has no branch c2micro-froyo  and devel. 
how to rebase?

gituser@git:/tmp/hguo/kernel$ git show-ref
0906496daed3d30ca5e7d717691e62a2d264c94e refs/heads/master
0906496daed3d30ca5e7d717691e62a2d264c94e refs/remotes/origin/HEAD
4e8cbbb3ff56dca14b4cb287e4249189bf9df83f refs/remotes/origin/devel
0906496daed3d30ca5e7d717691e62a2d264c94e refs/remotes/origin/master
gituser@git:/tmp/hguo/kernel$ git branch
* master

2011-02-23 10:28:02
rp-whatsnew 
project dalvik/
86c316b Fix last templates for C2 Jit

hguo@git:/tmp/hguo$ git clone /mentor-mirror/build/platform/dalvik.git dalvik.git
hguo@git:/tmp/hguo$ cd dalvik.git/
hguo@git:/tmp/hguo/dalvik.git$ git show-ref
86c316bb897c838502c12a4d497304e1d6a3a9d5 refs/heads/c2micro-froyo
86c316bb897c838502c12a4d497304e1d6a3a9d5 refs/remotes/origin/HEAD
86c316bb897c838502c12a4d497304e1d6a3a9d5 refs/remotes/origin/c2micro-froyo
61ef437ee84550c637a5a0a123a772e3e756741a refs/remotes/origin/devel
98c2591a3de16682c957edc0d4fd3d10aacb3cb9 refs/remotes/origin/froyo
de2fc73cc9115f5b7259b07553810ad32413475a refs/remotes/origin/master

hguo@git:/tmp/hguo/dalvik.git$ git checkout devel
Branch devel set up to track remote branch devel from origin.
Switched to a new branch 'devel'
hguo@git:/tmp/hguo/dalvik.git$ git branch
  c2micro-froyo
* devel
hguo@git:/tmp/hguo/dalvik.git$ git rebase c2micro-froyo
First, rewinding head to replay your work on top of it...
Fast-forwarded devel to c2micro-froyo.
hguo@git:/tmp/hguo/dalvik.git$ git remote
origin
hguo@git:/tmp/hguo/dalvik.git$ git push origin
Total 0 (delta 0), reused 0 (delta 0)
To /mentor-mirror/build/platform/dalvik.git
   61ef437..86c316b  devel -> devel
hguo@git:/tmp/hguo/dalvik.git$ git push origin devel
Everything up-to-date

2011-02-21 17:20:46
  O insert engineer's git module to git server's repo, write op steps to wiki android

  to be done:
  O commit sdk build script, link create script, prepare for release
  O work on jazz2l kernel with janet

  low priority
  O delay add tango3L to sw_media build check
  
      
2010-12-22 15:32:02
function that render movie to display:
    sw_media/media/core/frameRenderer C2FrameRendererJazz2Core::RenderBuffer 
